1790110338.707  ESP-ROM:esp32s3-20210327
1790110338.727  Build:Mar 27 2021
1790110338.727  rst:0x1 (POWERON),boot:0xa (SPI_FAST_FLASH_BOOT)
1790110338.727  SPIWP:0xee
1790110338.727  mode:DIO, clock div:1
1790110338.728  load:0x3fce2820,len:0xfb0
1790110338.728  load:0x403c8700,len:0xaf4
1790110338.728  load:0x403cb700,len:0x2e34
1790110338.728  entry 0x403c8898
1790110346.046  E2 START cycle=0 scheme=http shape=tiny wake=none wifi_ms=3422 clock_ms=3421 rssi=-86 epoch=1790110346
1790110346.392  E2 ROW,0,http,tiny,500,44,176610,178785,337385,155548,157000,1424,264372,260188
1790110347.429  ESP-ROM:esp32s3-20210327
1790110347.452  Build:Mar 27 2021
1790110347.452  rst:0x5 (DSLEEP),boot:0xa (SPI_FAST_FLASH_BOOT)
1790110347.452  pro cpu reset by JTAG
1790110347.452  SPIWP:0xee
1790110347.452  mode:DIO, clock div:1
1790110347.452  load:0x3fce2820,len:0xfb0
1790110347.453  load:0x403c8700,len:0xaf4
1790110347.453  load:0x403cb700,len:0x2e34
1790110347.453  entry 0x403c8898
1790110347.684  E2 START cycle=1 scheme=https shape=tiny wake=timer wifi_ms=86 clock_ms=0 rssi=-86 epoch=1790110347
1790110348.863  E2 ROW,1,https,tiny,500,44,1024495,1027088,1168762,136878,139264,2357,264448,206172
1790110349.888  ESP-ROM:esp32s3-20210327
1790110349.910  Build:Mar 27 2021
1790110349.911  rst:0x5 (DSLEEP),boot:0xa (SPI_FAST_FLASH_BOOT)
1790110349.911  pro cpu reset by JTAG
1790110349.911  SPIWP:0xee
1790110349.911  mode:DIO, clock div:1
1790110349.911  load:0x3fce2820,len:0xfb0
1790110349.911  load:0x403c8700,len:0xaf4
1790110349.911  load:0x403cb700,len:0x2e34
1790110349.912  entry 0x403c8898
1790110350.218  E2 START cycle=2 scheme=https shape=stream wake=timer wifi_ms=156 clock_ms=0 rssi=-86 epoch=1790110350
1790110356.331  E2 ROW,2,https,stream,500,128044,1489148,1491746,6102444,387497,610678,83881,264448,206224
1790110357.493  ESP-ROM:esp32s3-20210327
1790110357.516  Build:Mar 27 2021
1790110357.518  rst:0x5 (DSLEEP),boot:0xa (SPI_FAST_FLASH_BOOT)
1790110357.518  pro cpu reset by JTAG
1790110357.522  SPIWP:0xee
1790110357.522  mode:DIO, clock div:1
1790110357.522  load:0x3fce2820,len:0xfb0
1790110357.522  load:0x403c8700,len:0xaf4
1790110357.522  load:0x403cb700,len:0x2e34
1790110357.522  entry 0x403c8898
1790110357.743  E2 START cycle=3 scheme=http shape=stream wake=timer wifi_ms=76 clock_ms=0 rssi=-88 epoch=1790110357
1790110362.308  E2 ROW,3,http,stream,500,128044,211068,213046,4556202,73793,343137,124839,264448,258216
1790110363.322  ESP-ROM:esp32s3-20210327
1790110363.345  Build:Mar 27 2021
1790110363.345  rst:0x5 (DSLEEP),boot:0xa (SPI_FAST_FLASH_BOOT)
1790110363.345  pro cpu reset by JTAG
1790110363.345  SPIWP:0xee
1790110363.345  mode:DIO, clock div:1
1790110363.345  load:0x3fce2820,len:0xfb0
1790110363.345  load:0x403c8700,len:0xaf4
1790110363.345  load:0x403cb700,len:0x2e34
1790110363.345  entry 0x403c8898
1790110363.575  E2 START cycle=4 scheme=https shape=tiny wake=timer wifi_ms=84 clock_ms=0 rssi=-88 epoch=1790110363
1790110364.830  E2 ROW,4,https,tiny,500,44,1137092,1139693,1244404,100043,102304,2234,264448,206224
1790110365.875  ESP-ROM:esp32s3-20210327
1790110365.898  Build:Mar 27 2021
1790110365.898  rst:0x5 (DSLEEP),boot:0xa (SPI_FAST_FLASH_BOOT)
1790110365.898  pro cpu reset by JTAG
1790110365.898  SPIWP:0xee
1790110365.898  mode:DIO, clock div:1
1790110365.898  load:0x3fce2820,len:0xfb0
1790110365.898  load:0x403c8700,len:0xaf4
1790110365.898  load:0x403cb700,len:0x2e34
1790110365.898  entry 0x403c8898
1790110366.126  E2 START cycle=5 scheme=http shape=tiny wake=timer wifi_ms=82 clock_ms=0 rssi=-88 epoch=1790110366
1790110366.464  E2 ROW,5,http,tiny,500,44,118913,120895,329120,205491,206546,1344,264448,260264
1790110367.501  ESP-ROM:esp32s3-20210327
1790110367.522  Build:Mar 27 2021
1790110367.522  rst:0x5 (DSLEEP),boot:0xa (SPI_FAST_FLASH_BOOT)
1790110367.523  pro cpu reset by JTAG
1790110367.523  SPIWP:0xee
1790110367.523  mode:DIO, clock div:1
1790110367.523  load:0x3fce2820,len:0xfb0
1790110367.523  load:0x403c8700,len:0xaf4
1790110367.523  load:0x403cb700,len:0x2e34
1790110367.523  entry 0x403c8898
1790110370.175  E2 START cycle=6 scheme=http shape=stream wake=timer wifi_ms=2503 clock_ms=0 rssi=-88 epoch=1790110370
1790110378.008  E2 ROW,6,http,stream,500,128044,476764,478736,7822636,71199,3343881,1124222,264448,256744
1790110379.051  ESP-ROM:esp32s3-20210327
1790110379.074  Build:Mar 27 2021
1790110379.075  rst:0x5 (DSLEEP),boot:0xa (SPI_FAST_FLASH_BOOT)
1790110379.075  pro cpu reset by JTAG
1790110379.076  SPIWP:0xee
1790110379.076  mode:DIO, clock div:1
1790110379.076  load:0x3fce2820,len:0xfb0
1790110379.076  load:0x403c8700,len:0xaf4
1790110379.077  load:0x403cb700,len:0x2e34
1790110379.077  entry 0x403c8898
1790110379.309  E2 START cycle=7 scheme=https shape=stream wake=timer wifi_ms=82 clock_ms=0 rssi=-87 epoch=1790110379
1790110384.818  E2 ROW,7,https,stream,500,128044,1039995,1042561,5500855,74586,458274,98562,264448,206224
1790110385.893  ESP-ROM:esp32s3-20210327
1790110385.917  Build:Mar 27 2021
1790110385.917  rst:0x5 (DSLEEP),boot:0xa (SPI_FAST_FLASH_BOOT)
1790110385.918  pro cpu reset by JTAG
1790110385.918  SPIWP:0xee
1790110385.918  mode:DIO, clock div:1
1790110385.918  load:0x3fce2820,len:0xfb0
1790110385.918  load:0x403c8700,len:0xaf4
1790110385.918  load:0x403cb700,len:0x2e34
1790110385.918  entry 0x403c8898
1790110386.145  E2 START cycle=8 scheme=http shape=tiny wake=timer wifi_ms=83 clock_ms=0 rssi=-88 epoch=1790110386
1790110386.437  E2 ROW,8,http,tiny,500,44,169232,171208,282622,109034,110009,1109,264448,260056
1790110387.472  ESP-ROM:esp32s3-20210327
1790110387.495  Build:Mar 27 2021
1790110387.495  rst:0x5 (DSLEEP),boot:0xa (SPI_FAST_FLASH_BOOT)
1790110387.495  pro cpu reset by JTAG
1790110387.495  SPIWP:0xee
1790110387.495  mode:DIO, clock div:1
1790110387.496  load:0x3fce2820,len:0xfb0
1790110387.496  load:0x403c8700,len:0xaf4
1790110387.496  load:0x403cb700,len:0x2e34
1790110387.496  entry 0x403c8898
1790110387.797  E2 START cycle=9 scheme=https shape=tiny wake=timer wifi_ms=156 clock_ms=0 rssi=-87 epoch=1790110387
1790110389.098  E2 ROW,9,https,tiny,500,44,1063854,1066485,1290337,219314,221438,2097,264448,206220
1790110390.343  ESP-ROM:esp32s3-20210327
1790110390.366  Build:Mar 27 2021
1790110390.366  rst:0x5 (DSLEEP),boot:0xa (SPI_FAST_FLASH_BOOT)
1790110390.366  pro cpu reset by JTAG
1790110390.366  SPIWP:0xee
1790110390.366  mode:DIO, clock div:1
1790110390.367  load:0x3fce2820,len:0xfb0
1790110390.367  load:0x403c8700,len:0xaf4
1790110390.367  load:0x403cb700,len:0x2e34
1790110390.367  entry 0x403c8898
1790110390.607  E2 START cycle=10 scheme=https shape=stream wake=timer wifi_ms=90 clock_ms=0 rssi=-87 epoch=1790110390
1790110396.403  E2 ROW,10,https,stream,500,128044,1039380,1042066,5785187,92452,743101,87432,264448,206172
1790110397.434  ESP-ROM:esp32s3-20210327
1790110397.456  Build:Mar 27 2021
1790110397.457  rst:0x5 (DSLEEP),boot:0xa (SPI_FAST_FLASH_BOOT)
1790110397.457  pro cpu reset by JTAG
1790110397.457  SPIWP:0xee
1790110397.457  mode:DIO, clock div:1
1790110397.458  load:0x3fce2820,len:0xfb0
1790110397.458  load:0x403c8700,len:0xaf4
1790110397.458  load:0x403cb700,len:0x2e34
1790110397.458  entry 0x403c8898
1790110397.692  E2 START cycle=11 scheme=http shape=stream wake=timer wifi_ms=85 clock_ms=0 rssi=-87 epoch=1790110397
1790110402.721  E2 ROW,11,http,stream,500,128044,194064,196053,5018977,79910,822905,89319,264448,256736
1790110403.806  ESP-ROM:esp32s3-20210327
1790110403.828  Build:Mar 27 2021
1790110403.828  rst:0x5 (DSLEEP),boot:0xa (SPI_FAST_FLASH_BOOT)
1790110403.829  pro cpu reset by JTAG
1790110403.829  SPIWP:0xee
1790110403.829  mode:DIO, clock div:1
1790110403.829  load:0x3fce2820,len:0xfb0
1790110403.829  load:0x403c8700,len:0xaf4
1790110403.829  load:0x403cb700,len:0x2e34
1790110403.829  entry 0x403c8898
1790110404.052  E2 START cycle=12 scheme=https shape=tiny wake=timer wifi_ms=77 clock_ms=0 rssi=-87 epoch=1790110404
1790110405.384  E2 ROW,12,https,tiny,500,44,1111014,1113622,1320032,201987,204003,2046,264448,206224
1790110406.500  ESP-ROM:esp32s3-20210327
1790110406.523  Build:Mar 27 2021
1790110406.523  rst:0x5 (DSLEEP),boot:0xa (SPI_FAST_FLASH_BOOT)
1790110406.524  pro cpu reset by JTAG
1790110406.524  SPIWP:0xee
1790110406.524  mode:DIO, clock div:1
1790110406.524  load:0x3fce2820,len:0xfb0
1790110406.525  load:0x403c8700,len:0xaf4
1790110406.525  load:0x403cb700,len:0x2e34
1790110406.525  entry 0x403c8898
1790110406.835  E2 START cycle=13 scheme=http shape=tiny wake=timer wifi_ms=165 clock_ms=0 rssi=-87 epoch=1790110406
1790110407.213  E2 ROW,13,http,tiny,500,44,268588,270542,368963,95691,96726,1356,264448,260264
1790110408.339  ESP-ROM:esp32s3-20210327
1790110408.362  Build:Mar 27 2021
1790110408.362  rst:0x5 (DSLEEP),boot:0xa (SPI_FAST_FLASH_BOOT)
1790110408.362  pro cpu reset by JTAG
1790110408.363  SPIWP:0xee
1790110408.363  mode:DIO, clock div:1
1790110408.363  load:0x3fce2820,len:0xfb0
1790110408.363  load:0x403c8700,len:0xaf4
1790110408.363  load:0x403cb700,len:0x2e34
1790110408.363  entry 0x403c8898
1790110410.745  E2 START cycle=14 scheme=http shape=stream wake=timer wifi_ms=2232 clock_ms=0 rssi=-88 epoch=1790110410
1790110426.028  E2 ROW,14,http,stream,500,128044,873598,875842,15272349,110368,10396487,2715498,264448,255484
1790110427.082  ESP-ROM:esp32s3-20210327
1790110427.105  Build:Mar 27 2021
1790110427.105  rst:0x5 (DSLEEP),boot:0xa (SPI_FAST_FLASH_BOOT)
1790110427.106  pro cpu reset by JTAG
1790110427.106  SPIWP:0xee
1790110427.106  mode:DIO, clock div:1
1790110427.106  load:0x3fce2820,len:0xfb0
1790110427.106  load:0x403c8700,len:0xaf4
1790110427.106  load:0x403cb700,len:0x2e34
1790110427.107  entry 0x403c8898
1790110427.343  E2 START cycle=15 scheme=https shape=stream wake=timer wifi_ms=86 clock_ms=0 rssi=-87 epoch=1790110427
1790110434.048  E2 ROW,15,https,stream,500,128044,1372391,1374992,6694459,82447,1319447,117623,264448,206032
1790110435.080  ESP-ROM:esp32s3-20210327
1790110435.103  Build:Mar 27 2021
1790110435.103  rst:0x5 (DSLEEP),boot:0xa (SPI_FAST_FLASH_BOOT)
1790110435.103  pro cpu reset by JTAG
1790110435.103  SPIWP:0xee
1790110435.104  mode:DIO, clock div:1
1790110435.104  load:0x3fce2820,len:0xfb0
1790110435.104  load:0x403c8700,len:0xaf4
1790110435.104  load:0x403cb700,len:0x2e34
1790110435.104  entry 0x403c8898
1790110435.344  E2 START cycle=16 scheme=http shape=tiny wake=timer wifi_ms=95 clock_ms=0 rssi=-87 epoch=1790110435
1790110435.584  E2 ROW,16,http,tiny,500,44,124390,126378,230133,101018,102076,1344,264448,260264
1790110436.620  ESP-ROM:esp32s3-20210327
1790110436.643  Build:Mar 27 2021
1790110436.643  rst:0x5 (DSLEEP),boot:0xa (SPI_FAST_FLASH_BOOT)
1790110436.644  pro cpu reset by JTAG
1790110436.644  SPIWP:0xee
1790110436.644  mode:DIO, clock div:1
1790110436.644  load:0x3fce2820,len:0xfb0
1790110436.644  load:0x403c8700,len:0xaf4
1790110436.644  load:0x403cb700,len:0x2e34
1790110436.645  entry 0x403c8898
1790110436.937  E2 START cycle=17 scheme=https shape=tiny wake=timer wifi_ms=147 clock_ms=0 rssi=-88 epoch=1790110437
1790110438.043  E2 ROW,17,https,tiny,500,44,993197,995783,1095541,95086,97354,2241,264448,206224
1790110439.079  ESP-ROM:esp32s3-20210327
1790110439.102  Build:Mar 27 2021
1790110439.103  rst:0x5 (DSLEEP),boot:0xa (SPI_FAST_FLASH_BOOT)
1790110439.103  pro cpu reset by JTAG
1790110439.103  SPIWP:0xee
1790110439.104  mode:DIO, clock div:1
1790110439.104  load:0x3fce2820,len:0xfb0
1790110439.104  load:0x403c8700,len:0xaf4
1790110439.105  load:0x403cb700,len:0x2e34
1790110439.105  entry 0x403c8898
1790110439.339  E2 START cycle=18 scheme=https shape=stream wake=timer wifi_ms=86 clock_ms=0 rssi=-86 epoch=1790110439
1790110444.748  E2 ROW,18,https,stream,500,128044,947142,949750,5399748,89191,449978,58352,264448,206224
1790110445.762  ESP-ROM:esp32s3-20210327
1790110445.785  Build:Mar 27 2021
1790110445.786  rst:0x5 (DSLEEP),boot:0xa (SPI_FAST_FLASH_BOOT)
1790110445.786  pro cpu reset by JTAG
1790110445.786  SPIWP:0xee
1790110445.789  mode:DIO, clock div:1
1790110445.789  load:0x3fce2820,len:0xfb0
1790110445.790  load:0x403c8700,len:0xaf4
1790110445.790  load:0x403cb700,len:0x2e34
1790110445.790  entry 0x403c8898
1790110446.014  E2 START cycle=19 scheme=http shape=stream wake=timer wifi_ms=79 clock_ms=0 rssi=-87 epoch=1790110446
1790110454.580  E2 ROW,19,http,stream,500,128044,205551,207519,8554778,193637,4347240,1332629,264448,255996
1790110455.613  ESP-ROM:esp32s3-20210327
1790110455.635  Build:Mar 27 2021
1790110455.636  rst:0x5 (DSLEEP),boot:0xa (SPI_FAST_FLASH_BOOT)
1790110455.636  pro cpu reset by JTAG
1790110455.636  SPIWP:0xee
1790110455.636  mode:DIO, clock div:1
1790110455.636  load:0x3fce2820,len:0xfb0
1790110455.636  load:0x403c8700,len:0xaf4
1790110455.636  load:0x403cb700,len:0x2e34
1790110455.636  entry 0x403c8898
1790110455.870  E2 START cycle=20 scheme=https shape=tiny wake=timer wifi_ms=88 clock_ms=0 rssi=-87 epoch=1790110455
1790110457.091  E2 ROW,20,https,tiny,500,44,1032763,1035359,1210465,170324,172705,2356,264448,206172
1790110458.126  ESP-ROM:esp32s3-20210327
1790110458.149  Build:Mar 27 2021
1790110458.149  rst:0x5 (DSLEEP),boot:0xa (SPI_FAST_FLASH_BOOT)
1790110458.149  pro cpu reset by JTAG
1790110458.149  SPIWP:0xee
1790110458.150  mode:DIO, clock div:1
1790110458.150  load:0x3fce2820,len:0xfb0
1790110458.150  load:0x403c8700,len:0xaf4
1790110458.150  load:0x403cb700,len:0x2e34
1790110458.151  entry 0x403c8898
1790110458.442  E2 START cycle=21 scheme=http shape=tiny wake=timer wifi_ms=146 clock_ms=0 rssi=-87 epoch=1790110458
1790110458.830  E2 ROW,21,http,tiny,500,44,167743,169707,378709,206275,207326,1338,264448,260264
1790110459.867  ESP-ROM:esp32s3-20210327
1790110459.889  Build:Mar 27 2021
1790110459.890  rst:0x5 (DSLEEP),boot:0xa (SPI_FAST_FLASH_BOOT)
1790110459.890  pro cpu reset by JTAG
1790110459.890  SPIWP:0xee
1790110459.891  mode:DIO, clock div:1
1790110459.891  load:0x3fce2820,len:0xfb0
1790110459.891  load:0x403c8700,len:0xaf4
1790110459.892  load:0x403cb700,len:0x2e34
1790110459.892  entry 0x403c8898
1790110460.132  E2 START cycle=22 scheme=http shape=stream wake=timer wifi_ms=92 clock_ms=0 rssi=-86 epoch=1790110460
1790110465.162  E2 ROW,22,http,stream,500,128044,229865,231864,5019449,82808,787566,72761,264448,256736
1790110466.174  ESP-ROM:esp32s3-20210327
1790110466.196  Build:Mar 27 2021
1790110466.197  rst:0x5 (DSLEEP),boot:0xa (SPI_FAST_FLASH_BOOT)
1790110466.197  pro cpu reset by JTAG
1790110466.197  SPIWP:0xee
1790110466.197  mode:DIO, clock div:1
1790110466.198  load:0x3fce2820,len:0xfb0
1790110466.198  load:0x403c8700,len:0xaf4
1790110466.198  load:0x403cb700,len:0x2e34
1790110466.198  entry 0x403c8898
1790110466.431  E2 START cycle=23 scheme=https shape=stream wake=timer wifi_ms=85 clock_ms=0 rssi=-86 epoch=1790110466
1790110474.243  E2 ROW,23,https,stream,500,128044,1100670,1103279,7799691,73436,2696392,1406163,264448,206224
1790110475.257  ESP-ROM:esp32s3-20210327
1790110475.280  Build:Mar 27 2021
1790110475.281  rst:0x5 (DSLEEP),boot:0xa (SPI_FAST_FLASH_BOOT)
1790110475.281  pro cpu reset by JTAG
1790110475.281  SPIWP:0xee
1790110475.282  mode:DIO, clock div:1
1790110475.282  load:0x3fce2820,len:0xfb0
1790110475.282  load:0x403c8700,len:0xaf4
1790110475.282  load:0x403cb700,len:0x2e34
1790110475.283  entry 0x403c8898
1790110475.504  E2 START cycle=24 scheme=http shape=tiny wake=timer wifi_ms=77 clock_ms=0 rssi=-86 epoch=1790110475
1790110475.834  E2 ROW,24,http,tiny,500,44,210248,212206,320081,105117,106182,1361,264448,260264
1790110476.870  ESP-ROM:esp32s3-20210327
1790110476.892  Build:Mar 27 2021
1790110476.893  rst:0x5 (DSLEEP),boot:0xa (SPI_FAST_FLASH_BOOT)
1790110476.893  pro cpu reset by JTAG
1790110476.893  SPIWP:0xee
1790110476.893  mode:DIO, clock div:1
1790110476.894  load:0x3fce2820,len:0xfb0
1790110476.894  load:0x403c8700,len:0xaf4
1790110476.894  load:0x403cb700,len:0x2e34
1790110476.894  entry 0x403c8898
1790110477.117  E2 START cycle=25 scheme=https shape=tiny wake=timer wifi_ms=78 clock_ms=0 rssi=-86 epoch=1790110477
1790110478.390  E2 ROW,25,https,tiny,500,44,1060265,1062843,1263055,195541,197805,2237,264448,206224
1790110479.408  ESP-ROM:esp32s3-20210327
1790110479.431  Build:Mar 27 2021
1790110479.431  rst:0x5 (DSLEEP),boot:0xa (SPI_FAST_FLASH_BOOT)
1790110479.432  pro cpu reset by JTAG
1790110479.432  SPIWP:0xee
1790110479.432  mode:DIO, clock div:1
1790110479.432  load:0x3fce2820,len:0xfb0
1790110479.433  load:0x403c8700,len:0xaf4
1790110479.433  load:0x403cb700,len:0x2e34
1790110479.433  entry 0x403c8898
1790110479.671  E2 START cycle=26 scheme=https shape=stream wake=timer wifi_ms=88 clock_ms=0 rssi=-85 epoch=1790110479
1790110484.853  E2 ROW,26,https,stream,500,128044,1036552,1039146,5170684,87038,131518,63361,264448,206224
1790110486.026  ESP-ROM:esp32s3-20210327
1790110486.048  Build:Mar 27 2021
1790110486.049  rst:0x5 (DSLEEP),boot:0xa (SPI_FAST_FLASH_BOOT)
1790110486.049  pro cpu reset by JTAG
1790110486.049  SPIWP:0xee
1790110486.049  mode:DIO, clock div:1
1790110486.049  load:0x3fce2820,len:0xfb0
1790110486.049  load:0x403c8700,len:0xaf4
1790110486.049  load:0x403cb700,len:0x2e34
1790110486.049  entry 0x403c8898
1790110486.279  E2 START cycle=27 scheme=http shape=stream wake=timer wifi_ms=81 clock_ms=0 rssi=-86 epoch=1790110486
1790110490.499  E2 ROW,27,http,stream,500,128044,112423,114386,4209382,77439,94976,32230,264448,258216
1790110491.514  ESP-ROM:esp32s3-20210327
1790110491.537  Build:Mar 27 2021
1790110491.538  rst:0x5 (DSLEEP),boot:0xa (SPI_FAST_FLASH_BOOT)
1790110491.538  pro cpu reset by JTAG
1790110491.539  SPIWP:0xee
1790110491.539  mode:DIO, clock div:1
1790110491.539  load:0x3fce2820,len:0xfb0
1790110491.539  load:0x403c8700,len:0xaf4
1790110491.540  load:0x403cb700,len:0x2e34
1790110491.540  entry 0x403c8898
1790110491.824  E2 START cycle=28 scheme=https shape=tiny wake=timer wifi_ms=140 clock_ms=0 rssi=-87 epoch=1790110491
1790110493.034  E2 ROW,28,https,tiny,500,44,1064491,1067097,1199859,128128,130354,2198,264448,206180
1790110494.050  ESP-ROM:esp32s3-20210327
1790110494.073  Build:Mar 27 2021
1790110494.073  rst:0x5 (DSLEEP),boot:0xa (SPI_FAST_FLASH_BOOT)
1790110494.073  pro cpu reset by JTAG
1790110494.073  SPIWP:0xee
1790110494.074  mode:DIO, clock div:1
1790110494.074  load:0x3fce2820,len:0xfb0
1790110494.074  load:0x403c8700,len:0xaf4
1790110494.074  load:0x403cb700,len:0x2e34
1790110494.074  entry 0x403c8898
1790110494.387  E2 START cycle=29 scheme=http shape=tiny wake=timer wifi_ms=167 clock_ms=0 rssi=-86 epoch=1790110494
1790110494.671  E2 ROW,29,http,tiny,500,44,166800,169090,275341,103395,104800,1378,264448,260264
1790110495.709  ESP-ROM:esp32s3-20210327
1790110495.732  Build:Mar 27 2021
1790110495.732  rst:0x5 (DSLEEP),boot:0xa (SPI_FAST_FLASH_BOOT)
1790110495.732  pro cpu reset by JTAG
1790110495.733  SPIWP:0xee
1790110495.733  mode:DIO, clock div:1
1790110495.733  load:0x3fce2820,len:0xfb0
1790110495.733  load:0x403c8700,len:0xaf4
1790110495.734  load:0x403cb700,len:0x2e34
1790110495.734  entry 0x403c8898
1790110496.025  E2 START cycle=30 scheme=http shape=stream wake=timer wifi_ms=141 clock_ms=0 rssi=-87 epoch=1790110496
1790110500.323  E2 ROW,30,http,stream,500,128044,169759,171730,4287642,102948,115893,47495,264448,257476
1790110501.336  ESP-ROM:esp32s3-20210327
1790110501.359  Build:Mar 27 2021
1790110501.360  rst:0x5 (DSLEEP),boot:0xa (SPI_FAST_FLASH_BOOT)
1790110501.360  pro cpu reset by JTAG
1790110501.360  SPIWP:0xee
1790110501.360  mode:DIO, clock div:1
1790110501.361  load:0x3fce2820,len:0xfb0
1790110501.361  load:0x403c8700,len:0xaf4
1790110501.361  load:0x403cb700,len:0x2e34
1790110501.362  entry 0x403c8898
1790110501.655  E2 START cycle=31 scheme=https shape=stream wake=timer wifi_ms=145 clock_ms=0 rssi=-87 epoch=1790110501
1790110506.755  E2 ROW,31,https,stream,500,128044,988468,991064,5090372,74942,99287,56745,264448,206224
1790110507.770  ESP-ROM:esp32s3-20210327
1790110507.792  Build:Mar 27 2021
1790110507.793  rst:0x5 (DSLEEP),boot:0xa (SPI_FAST_FLASH_BOOT)
1790110507.793  pro cpu reset by JTAG
1790110507.793  SPIWP:0xee
1790110507.793  mode:DIO, clock div:1
1790110507.793  load:0x3fce2820,len:0xfb0
1790110507.793  load:0x403c8700,len:0xaf4
1790110507.793  load:0x403cb700,len:0x2e34
1790110507.794  entry 0x403c8898
1790110508.016  E2 START cycle=32 scheme=http shape=tiny wake=timer wifi_ms=75 clock_ms=0 rssi=-86 epoch=1790110508
1790110508.289  E2 ROW,32,http,tiny,500,44,158099,160069,264143,101322,102390,1346,264448,260264
1790110509.325  ESP-ROM:esp32s3-20210327
1790110509.348  Build:Mar 27 2021
1790110509.349  rst:0x5 (DSLEEP),boot:0xa (SPI_FAST_FLASH_BOOT)
1790110509.349  pro cpu reset by JTAG
1790110509.349  SPIWP:0xee
1790110509.349  mode:DIO, clock div:1
1790110509.349  load:0x3fce2820,len:0xfb0
1790110509.350  load:0x403c8700,len:0xaf4
1790110509.350  load:0x403cb700,len:0x2e34
1790110509.350  entry 0x403c8898
1790110509.582  E2 START cycle=33 scheme=https shape=tiny wake=timer wifi_ms=88 clock_ms=0 rssi=-86 epoch=1790110509
1790110510.623  E2 ROW,33,https,tiny,500,44,950703,953318,1030232,72311,74517,2178,264448,206172
1790110511.660  ESP-ROM:esp32s3-20210327
1790110511.682  Build:Mar 27 2021
1790110511.683  rst:0x5 (DSLEEP),boot:0xa (SPI_FAST_FLASH_BOOT)
1790110511.683  pro cpu reset by JTAG
1790110511.683  SPIWP:0xee
1790110511.683  mode:DIO, clock div:1
1790110511.683  load:0x3fce2820,len:0xfb0
1790110511.684  load:0x403c8700,len:0xaf4
1790110511.684  load:0x403cb700,len:0x2e34
1790110511.684  entry 0x403c8898
1790110511.931  E2 START cycle=34 scheme=https shape=stream wake=timer wifi_ms=98 clock_ms=0 rssi=-86 epoch=1790110512
1790110517.323  E2 ROW,34,https,stream,500,128044,1166191,1168809,5379743,70931,210913,89277,264448,206224
1790110518.337  ESP-ROM:esp32s3-20210327
1790110518.359  Build:Mar 27 2021
1790110518.359  rst:0x5 (DSLEEP),boot:0xa (SPI_FAST_FLASH_BOOT)
1790110518.360  pro cpu reset by JTAG
1790110518.360  SPIWP:0xee
1790110518.360  mode:DIO, clock div:1
1790110518.360  load:0x3fce2820,len:0xfb0
1790110518.360  load:0x403c8700,len:0xaf4
1790110518.360  load:0x403cb700,len:0x2e34
1790110518.360  entry 0x403c8898
1790110518.589  E2 START cycle=35 scheme=http shape=stream wake=timer wifi_ms=78 clock_ms=0 rssi=-87 epoch=1790110518
1790110522.808  E2 ROW,35,http,stream,500,128044,128842,130815,4208687,75289,77853,69539,264448,257476
1790110523.841  ESP-ROM:esp32s3-20210327
1790110523.864  Build:Mar 27 2021
1790110523.864  rst:0x5 (DSLEEP),boot:0xa (SPI_FAST_FLASH_BOOT)
1790110523.865  pro cpu reset by JTAG
1790110523.865  SPIWP:0xee
1790110523.865  mode:DIO, clock div:1
1790110523.865  load:0x3fce2820,len:0xfb0
1790110523.866  load:0x403c8700,len:0xaf4
1790110523.866  load:0x403cb700,len:0x2e34
1790110523.866  entry 0x403c8898
1790110524.096  E2 START cycle=36 scheme=https shape=tiny wake=timer wifi_ms=84 clock_ms=0 rssi=-85 epoch=1790110524
1790110525.184  E2 ROW,36,https,tiny,500,44,976010,978616,1079105,95809,98082,2245,264448,206224
1790110526.220  ESP-ROM:esp32s3-20210327
1790110526.243  Build:Mar 27 2021
1790110526.244  rst:0x5 (DSLEEP),boot:0xa (SPI_FAST_FLASH_BOOT)
1790110526.244  pro cpu reset by JTAG
1790110526.244  SPIWP:0xee
1790110526.245  mode:DIO, clock div:1
1790110526.245  load:0x3fce2820,len:0xfb0
1790110526.245  load:0x403c8700,len:0xaf4
1790110526.246  load:0x403cb700,len:0x2e34
1790110526.246  entry 0x403c8898
1790110526.468  E2 START cycle=37 scheme=http shape=tiny wake=timer wifi_ms=78 clock_ms=0 rssi=-86 epoch=1790110526
1790110526.825  E2 ROW,37,http,tiny,500,44,136898,138869,347553,205954,207005,1341,264448,260264
1790110527.861  ESP-ROM:esp32s3-20210327
1790110527.884  Build:Mar 27 2021
1790110527.884  rst:0x5 (DSLEEP),boot:0xa (SPI_FAST_FLASH_BOOT)
1790110527.884  pro cpu reset by JTAG
1790110527.885  SPIWP:0xee
1790110527.886  mode:DIO, clock div:1
1790110527.886  load:0x3fce2820,len:0xfb0
1790110527.886  load:0x403c8700,len:0xaf4
1790110527.886  load:0x403cb700,len:0x2e34
1790110527.886  entry 0x403c8898
1790110528.113  E2 START cycle=38 scheme=http shape=stream wake=timer wifi_ms=79 clock_ms=0 rssi=-85 epoch=1790110528
1790110532.350  E2 ROW,38,http,stream,500,128044,131535,133514,4228039,91605,94506,58411,264448,257476
1790110533.365  ESP-ROM:esp32s3-20210327
1790110533.388  Build:Mar 27 2021
1790110533.388  rst:0x5 (DSLEEP),boot:0xa (SPI_FAST_FLASH_BOOT)
1790110533.389  pro cpu reset by JTAG
1790110533.389  SPIWP:0xee
1790110533.389  mode:DIO, clock div:1
1790110533.389  load:0x3fce2820,len:0xfb0
1790110533.390  load:0x403c8700,len:0xaf4
1790110533.390  load:0x403cb700,len:0x2e34
1790110533.390  entry 0x403c8898
1790110533.619  E2 START cycle=39 scheme=https shape=stream wake=timer wifi_ms=81 clock_ms=0 rssi=-85 epoch=1790110533
1790110538.704  E2 ROW,39,https,stream,500,128044,978007,980599,5074479,89014,93859,39095,264448,206224
1790110539.738  ESP-ROM:esp32s3-20210327
1790110539.761  Build:Mar 27 2021
1790110539.762  rst:0x5 (DSLEEP),boot:0xa (SPI_FAST_FLASH_BOOT)
1790110539.762  pro cpu reset by JTAG
1790110539.762  SPIWP:0xee
1790110539.762  mode:DIO, clock div:1
1790110539.762  load:0x3fce2820,len:0xfb0
1790110539.763  load:0x403c8700,len:0xaf4
1790110539.763  load:0x403cb700,len:0x2e34
1790110539.763  entry 0x403c8898
1790110539.984  E2 START cycle=40 scheme=http shape=tiny wake=timer wifi_ms=75 clock_ms=0 rssi=-85 epoch=1790110540
1790110540.238  E2 ROW,40,http,tiny,500,44,135654,137925,245351,104471,105936,1438,264448,260264
1790110541.274  ESP-ROM:esp32s3-20210327
1790110541.296  Build:Mar 27 2021
1790110541.297  rst:0x5 (DSLEEP),boot:0xa (SPI_FAST_FLASH_BOOT)
1790110541.297  pro cpu reset by JTAG
1790110541.297  SPIWP:0xee
1790110541.297  mode:DIO, clock div:1
1790110541.298  load:0x3fce2820,len:0xfb0
1790110541.298  load:0x403c8700,len:0xaf4
1790110541.298  load:0x403cb700,len:0x2e34
1790110541.298  entry 0x403c8898
1790110541.529  E2 START cycle=41 scheme=https shape=tiny wake=timer wifi_ms=85 clock_ms=0 rssi=-86 epoch=1790110541
1790110543.210  E2 ROW,41,https,tiny,500,44,1462381,1464982,1671421,201907,204046,2111,264448,206224
1790110544.246  ESP-ROM:esp32s3-20210327
1790110544.269  Build:Mar 27 2021
1790110544.269  rst:0x5 (DSLEEP),boot:0xa (SPI_FAST_FLASH_BOOT)
1790110544.270  pro cpu reset by JTAG
1790110544.270  SPIWP:0xee
1790110544.270  mode:DIO, clock div:1
1790110544.270  load:0x3fce2820,len:0xfb0
1790110544.271  load:0x403c8700,len:0xaf4
1790110544.271  load:0x403cb700,len:0x2e34
1790110544.271  entry 0x403c8898
1790110544.571  E2 START cycle=42 scheme=https shape=stream wake=timer wifi_ms=152 clock_ms=0 rssi=-87 epoch=1790110544
1790110549.664  E2 ROW,42,https,stream,500,128044,983260,985863,5083046,71673,97163,60798,264448,206172
1790110550.679  ESP-ROM:esp32s3-20210327
1790110550.702  Build:Mar 27 2021
1790110550.702  rst:0x5 (DSLEEP),boot:0xa (SPI_FAST_FLASH_BOOT)
1790110550.703  pro cpu reset by JTAG
1790110550.703  SPIWP:0xee
1790110550.703  mode:DIO, clock div:1
1790110550.703  load:0x3fce2820,len:0xfb0
1790110550.703  load:0x403c8700,len:0xaf4
1790110550.703  load:0x403cb700,len:0x2e34
1790110550.703  entry 0x403c8898
1790110550.940  E2 START cycle=43 scheme=http shape=stream wake=timer wifi_ms=87 clock_ms=0 rssi=-86 epoch=1790110551
1790110555.411  E2 ROW,43,http,stream,500,128044,138519,140821,4460839,94506,319998,71988,264448,257476
1790110556.434  ESP-ROM:esp32s3-20210327
1790110556.457  Build:Mar 27 2021
1790110556.458  rst:0x5 (DSLEEP),boot:0xa (SPI_FAST_FLASH_BOOT)
1790110556.458  pro cpu reset by JTAG
1790110556.458  SPIWP:0xee
1790110556.458  mode:DIO, clock div:1
1790110556.458  load:0x3fce2820,len:0xfb0
1790110556.459  load:0x403c8700,len:0xaf4
1790110556.459  load:0x403cb700,len:0x2e34
1790110556.459  entry 0x403c8898
1790110556.682  E2 START cycle=44 scheme=https shape=tiny wake=timer wifi_ms=78 clock_ms=0 rssi=-87 epoch=1790110556
1790110558.158  E2 ROW,44,https,tiny,500,44,1259638,1262230,1466149,199043,201509,2439,264448,206224
1790110559.195  ESP-ROM:esp32s3-20210327
1790110559.218  Build:Mar 27 2021
1790110559.218  rst:0x5 (DSLEEP),boot:0xa (SPI_FAST_FLASH_BOOT)
1790110559.218  pro cpu reset by JTAG
1790110559.218  SPIWP:0xee
1790110559.219  mode:DIO, clock div:1
1790110559.219  load:0x3fce2820,len:0xfb0
1790110559.219  load:0x403c8700,len:0xaf4
1790110559.219  load:0x403cb700,len:0x2e34
1790110559.219  entry 0x403c8898
1790110559.442  E2 START cycle=45 scheme=http shape=tiny wake=timer wifi_ms=77 clock_ms=0 rssi=-86 epoch=1790110559
1790110559.695  E2 ROW,45,http,tiny,500,44,134902,136879,243494,103840,104901,1363,264448,260264
1790110560.734  ESP-ROM:esp32s3-20210327
1790110560.755  Build:Mar 27 2021
1790110560.755  rst:0x5 (DSLEEP),boot:0xa (SPI_FAST_FLASH_BOOT)
1790110560.756  pro cpu reset by JTAG
1790110560.756  SPIWP:0xee
1790110560.756  mode:DIO, clock div:1
1790110560.757  load:0x3fce2820,len:0xfb0
1790110560.757  load:0x403c8700,len:0xaf4
1790110560.757  load:0x403cb700,len:0x2e34
1790110560.757  entry 0x403c8898
1790110561.047  E2 START cycle=46 scheme=http shape=stream wake=timer wifi_ms=142 clock_ms=0 rssi=-86 epoch=1790110561
1790110565.363  E2 ROW,46,http,stream,500,128044,172585,174560,4306448,70050,131868,78737,264448,256736
1790110566.377  ESP-ROM:esp32s3-20210327
1790110566.400  Build:Mar 27 2021
1790110566.400  rst:0x5 (DSLEEP),boot:0xa (SPI_FAST_FLASH_BOOT)
1790110566.400  pro cpu reset by JTAG
1790110566.400  SPIWP:0xee
1790110566.401  mode:DIO, clock div:1
1790110566.401  load:0x3fce2820,len:0xfb0
1790110566.401  load:0x403c8700,len:0xaf4
1790110566.401  load:0x403cb700,len:0x2e34
1790110566.401  entry 0x403c8898
1790110566.637  E2 START cycle=47 scheme=https shape=stream wake=timer wifi_ms=87 clock_ms=0 rssi=-85 epoch=1790110566
1790110574.749  E2 ROW,47,https,stream,500,128044,1038273,1040896,8099748,90629,3058832,191730,264448,206224
1790110574.749  E2 DONE
