1790141641.522  ESP-ROM:esp32s3-20210327
1790141641.542  Build:Mar 27 2021
1790141641.543  rst:0x1 (POWERON),boot:0xa (SPI_FAST_FLASH_BOOT)
1790141641.543  SPIWP:0xee
1790141641.543  mode:DIO, clock div:1
1790141641.543  load:0x3fce2820,len:0xfb0
1790141641.543  load:0x403c8700,len:0xaf4
1790141641.543  load:0x403cb700,len:0x2e34
1790141641.543  entry 0x403c8898
1790141649.835  E2 START cycle=0 scheme=http shape=tiny wake=none wifi_ms=3926 clock_ms=3891 rssi=-61 epoch=1790141649
1790141650.116  E2 ROW,0,http,tiny,500,44,167579,169590,271685,99171,100348,1406,264372,260188
1790141651.162  ESP-ROM:esp32s3-20210327
1790141651.185  Build:Mar 27 2021
1790141651.185  rst:0x5 (DSLEEP),boot:0xa (SPI_FAST_FLASH_BOOT)
1790141651.185  pro cpu reset by JTAG
1790141651.185  SPIWP:0xee
1790141651.185  mode:DIO, clock div:1
1790141651.186  load:0x3fce2820,len:0xfb0
1790141651.186  load:0x403c8700,len:0xaf4
1790141651.186  load:0x403cb700,len:0x2e34
1790141651.186  entry 0x403c8898
1790141651.408  E2 START cycle=1 scheme=https shape=tiny wake=timer wifi_ms=77 clock_ms=0 rssi=-61 epoch=1790141651
1790141652.471  E2 ROW,1,https,tiny,500,44,949679,952280,1052587,95546,97588,2369,264448,206224
1790141653.518  ESP-ROM:esp32s3-20210327
1790141653.540  Build:Mar 27 2021
1790141653.541  rst:0x5 (DSLEEP),boot:0xa (SPI_FAST_FLASH_BOOT)
1790141653.541  pro cpu reset by JTAG
1790141653.541  SPIWP:0xee
1790141653.542  mode:DIO, clock div:1
1790141653.542  load:0x3fce2820,len:0xfb0
1790141653.542  load:0x403c8700,len:0xaf4
1790141653.542  load:0x403cb700,len:0x2e34
1790141653.542  entry 0x403c8898
1790141653.773  E2 START cycle=2 scheme=https shape=stream wake=timer wifi_ms=81 clock_ms=0 rssi=-61 epoch=1790141653
1790141658.869  E2 ROW,2,https,stream,500,128044,939601,942195,5086620,70825,144404,70603,264448,206164
1790141659.886  ESP-ROM:esp32s3-20210327
1790141659.909  Build:Mar 27 2021
1790141659.910  rst:0x5 (DSLEEP),boot:0xa (SPI_FAST_FLASH_BOOT)
1790141659.910  pro cpu reset by JTAG
1790141659.910  SPIWP:0xee
1790141659.910  mode:DIO, clock div:1
1790141659.911  load:0x3fce2820,len:0xfb0
1790141659.911  load:0x403c8700,len:0xaf4
1790141659.911  load:0x403cb700,len:0x2e34
1790141659.911  entry 0x403c8898
1790141660.135  E2 START cycle=3 scheme=http shape=stream wake=timer wifi_ms=76 clock_ms=0 rssi=-60 epoch=1790141660
1790141664.435  E2 ROW,3,http,stream,500,128044,214508,216575,4288495,68643,71901,1541,264448,259696
1790141665.452  ESP-ROM:esp32s3-20210327
1790141665.475  Build:Mar 27 2021
1790141665.475  rst:0x5 (DSLEEP),boot:0xa (SPI_FAST_FLASH_BOOT)
1790141665.475  pro cpu reset by JTAG
1790141665.476  SPIWP:0xee
1790141665.476  mode:DIO, clock div:1
1790141665.476  load:0x3fce2820,len:0xfb0
1790141665.476  load:0x403c8700,len:0xaf4
1790141665.476  load:0x403cb700,len:0x2e34
1790141665.476  entry 0x403c8898
1790141665.709  E2 START cycle=4 scheme=https shape=tiny wake=timer wifi_ms=88 clock_ms=0 rssi=-61 epoch=1790141665
1790141666.783  E2 ROW,4,https,tiny,500,44,983707,986322,1062758,71399,73794,2368,264448,206172
1790141667.801  ESP-ROM:esp32s3-20210327
1790141667.823  Build:Mar 27 2021
1790141667.824  rst:0x5 (DSLEEP),boot:0xa (SPI_FAST_FLASH_BOOT)
1790141667.824  pro cpu reset by JTAG
1790141667.825  SPIWP:0xee
1790141667.825  mode:DIO, clock div:1
1790141667.825  load:0x3fce2820,len:0xfb0
1790141667.825  load:0x403c8700,len:0xaf4
1790141667.827  load:0x403cb700,len:0x2e34
1790141667.827  entry 0x403c8898
1790141668.054  E2 START cycle=5 scheme=http shape=tiny wake=timer wifi_ms=84 clock_ms=0 rssi=-61 epoch=1790141668
1790141668.344  E2 ROW,5,http,tiny,500,44,180264,182422,281154,95304,96886,1555,264448,260712
1790141669.392  ESP-ROM:esp32s3-20210327
1790141669.415  Build:Mar 27 2021
1790141669.416  rst:0x5 (DSLEEP),boot:0xa (SPI_FAST_FLASH_BOOT)
1790141669.416  pro cpu reset by JTAG
1790141669.416  SPIWP:0xee
1790141669.416  mode:DIO, clock div:1
1790141669.417  load:0x3fce2820,len:0xfb0
1790141669.417  load:0x403c8700,len:0xaf4
1790141669.417  load:0x403cb700,len:0x2e34
1790141669.417  entry 0x403c8898
1790141669.642  E2 START cycle=6 scheme=http shape=stream wake=timer wifi_ms=76 clock_ms=0 rssi=-61 epoch=1790141669
1790141673.853  E2 ROW,6,http,stream,500,128044,122338,124472,4201159,73362,76667,52654,264448,259696
1790141674.900  ESP-ROM:esp32s3-20210327
1790141674.922  Build:Mar 27 2021
1790141674.923  rst:0x5 (DSLEEP),boot:0xa (SPI_FAST_FLASH_BOOT)
1790141674.923  pro cpu reset by JTAG
1790141674.923  SPIWP:0xee
1790141674.923  mode:DIO, clock div:1
1790141674.924  load:0x3fce2820,len:0xfb0
1790141674.924  load:0x403c8700,len:0xaf4
1790141674.924  load:0x403cb700,len:0x2e34
1790141674.924  entry 0x403c8898
1790141675.146  E2 START cycle=7 scheme=https shape=stream wake=timer wifi_ms=73 clock_ms=0 rssi=-61 epoch=1790141675
1790141680.210  E2 ROW,7,https,stream,500,128044,967715,970300,5053211,74002,82890,5960,264448,206224
1790141681.245  ESP-ROM:esp32s3-20210327
1790141681.268  Build:Mar 27 2021
1790141681.268  rst:0x5 (DSLEEP),boot:0xa (SPI_FAST_FLASH_BOOT)
1790141681.268  pro cpu reset by JTAG
1790141681.268  SPIWP:0xee
1790141681.268  mode:DIO, clock div:1
1790141681.268  load:0x3fce2820,len:0xfb0
1790141681.269  load:0x403c8700,len:0xaf4
1790141681.269  load:0x403cb700,len:0x2e34
1790141681.269  entry 0x403c8898
1790141681.587  E2 START cycle=8 scheme=http shape=tiny wake=timer wifi_ms=172 clock_ms=0 rssi=-61 epoch=1790141681
1790141681.861  E2 ROW,8,http,tiny,500,44,158608,160748,265235,102012,102994,1161,264448,260264
1790141682.898  ESP-ROM:esp32s3-20210327
1790141682.920  Build:Mar 27 2021
1790141682.921  rst:0x5 (DSLEEP),boot:0xa (SPI_FAST_FLASH_BOOT)
1790141682.921  pro cpu reset by JTAG
1790141682.921  SPIWP:0xee
1790141682.922  mode:DIO, clock div:1
1790141682.922  load:0x3fce2820,len:0xfb0
1790141682.922  load:0x403c8700,len:0xaf4
1790141682.923  load:0x403cb700,len:0x2e34
1790141682.923  entry 0x403c8898
1790141683.140  E2 START cycle=9 scheme=https shape=tiny wake=timer wifi_ms=73 clock_ms=0 rssi=-61 epoch=1790141683
1790141684.189  E2 ROW,9,https,tiny,500,44,960966,963549,1038418,70131,72250,2263,264448,206164
1790141685.245  ESP-ROM:esp32s3-20210327
1790141685.268  Build:Mar 27 2021
1790141685.268  rst:0x5 (DSLEEP),boot:0xa (SPI_FAST_FLASH_BOOT)
1790141685.268  pro cpu reset by JTAG
1790141685.268  SPIWP:0xee
1790141685.268  mode:DIO, clock div:1
1790141685.269  load:0x3fce2820,len:0xfb0
1790141685.269  load:0x403c8700,len:0xaf4
1790141685.269  load:0x403cb700,len:0x2e34
1790141685.269  entry 0x403c8898
1790141685.583  E2 START cycle=10 scheme=https shape=stream wake=timer wifi_ms=163 clock_ms=0 rssi=-61 epoch=1790141685
1790141690.651  E2 ROW,10,https,stream,500,128044,976108,978712,5057493,71797,78761,8334,264448,206172
1790141691.668  ESP-ROM:esp32s3-20210327
1790141691.690  Build:Mar 27 2021
1790141691.691  rst:0x5 (DSLEEP),boot:0xa (SPI_FAST_FLASH_BOOT)
1790141691.691  pro cpu reset by JTAG
1790141691.691  SPIWP:0xee
1790141691.692  mode:DIO, clock div:1
1790141691.692  load:0x3fce2820,len:0xfb0
1790141691.692  load:0x403c8700,len:0xaf4
1790141691.693  load:0x403cb700,len:0x2e34
1790141691.693  entry 0x403c8898
1790141691.929  E2 START cycle=11 scheme=http shape=stream wake=timer wifi_ms=87 clock_ms=0 rssi=-61 epoch=1790141691
1790141696.177  E2 ROW,11,http,stream,500,128044,159154,161292,4238836,74102,77525,52777,264448,259696
1790141697.252  ESP-ROM:esp32s3-20210327
1790141697.274  Build:Mar 27 2021
1790141697.275  rst:0x5 (DSLEEP),boot:0xa (SPI_FAST_FLASH_BOOT)
1790141697.275  pro cpu reset by JTAG
1790141697.275  SPIWP:0xee
1790141697.275  mode:DIO, clock div:1
1790141697.275  load:0x3fce2820,len:0xfb0
1790141697.275  load:0x403c8700,len:0xaf4
1790141697.275  load:0x403cb700,len:0x2e34
1790141697.275  entry 0x403c8898
1790141697.495  E2 START cycle=12 scheme=https shape=tiny wake=timer wifi_ms=74 clock_ms=0 rssi=-62 epoch=1790141697
1790141698.553  E2 ROW,12,https,tiny,500,44,943659,946252,1047029,95640,98048,2383,264448,206224
1790141699.600  ESP-ROM:esp32s3-20210327
1790141699.622  Build:Mar 27 2021
1790141699.622  rst:0x5 (DSLEEP),boot:0xa (SPI_FAST_FLASH_BOOT)
1790141699.622  pro cpu reset by JTAG
1790141699.623  SPIWP:0xee
1790141699.623  mode:DIO, clock div:1
1790141699.623  load:0x3fce2820,len:0xfb0
1790141699.623  load:0x403c8700,len:0xaf4
1790141699.624  load:0x403cb700,len:0x2e34
1790141699.624  entry 0x403c8898
1790141699.927  E2 START cycle=13 scheme=http shape=tiny wake=timer wifi_ms=157 clock_ms=0 rssi=-62 epoch=1790141699
1790141700.195  E2 ROW,13,http,tiny,500,44,150213,152224,259133,104117,105210,1381,264448,260264
1790141701.212  ESP-ROM:esp32s3-20210327
1790141701.235  Build:Mar 27 2021
1790141701.235  rst:0x5 (DSLEEP),boot:0xa (SPI_FAST_FLASH_BOOT)
1790141701.236  pro cpu reset by JTAG
1790141701.236  SPIWP:0xee
1790141701.236  mode:DIO, clock div:1
1790141701.236  load:0x3fce2820,len:0xfb0
1790141701.236  load:0x403c8700,len:0xaf4
1790141701.237  load:0x403cb700,len:0x2e34
1790141701.237  entry 0x403c8898
1790141701.468  E2 START cycle=14 scheme=http shape=stream wake=timer wifi_ms=83 clock_ms=0 rssi=-61 epoch=1790141701
1790141705.807  E2 ROW,14,http,stream,500,128044,254644,256740,4329295,69564,72536,1517,264448,260436
1790141706.825  ESP-ROM:esp32s3-20210327
1790141706.847  Build:Mar 27 2021
1790141706.848  rst:0x5 (DSLEEP),boot:0xa (SPI_FAST_FLASH_BOOT)
1790141706.848  pro cpu reset by JTAG
1790141706.848  SPIWP:0xee
1790141706.848  mode:DIO, clock div:1
1790141706.849  load:0x3fce2820,len:0xfb0
1790141706.849  load:0x403c8700,len:0xaf4
1790141706.849  load:0x403cb700,len:0x2e34
1790141706.849  entry 0x403c8898
1790141707.073  E2 START cycle=15 scheme=https shape=stream wake=timer wifi_ms=75 clock_ms=0 rssi=-62 epoch=1790141707
1790141712.156  E2 ROW,15,https,stream,500,128044,990067,992657,5072511,72449,79833,4448,264448,206176
1790141713.172  ESP-ROM:esp32s3-20210327
1790141713.195  Build:Mar 27 2021
1790141713.195  rst:0x5 (DSLEEP),boot:0xa (SPI_FAST_FLASH_BOOT)
1790141713.195  pro cpu reset by JTAG
1790141713.195  SPIWP:0xee
1790141713.195  mode:DIO, clock div:1
1790141713.196  load:0x3fce2820,len:0xfb0
1790141713.196  load:0x403c8700,len:0xaf4
1790141713.196  load:0x403cb700,len:0x2e34
1790141713.196  entry 0x403c8898
1790141713.421  E2 START cycle=16 scheme=http shape=tiny wake=timer wifi_ms=80 clock_ms=0 rssi=-61 epoch=1790141713
1790141713.711  E2 ROW,16,http,tiny,500,44,171044,173071,280541,104601,106052,1424,264448,260264
1790141714.728  ESP-ROM:esp32s3-20210327
1790141714.751  Build:Mar 27 2021
1790141714.751  rst:0x5 (DSLEEP),boot:0xa (SPI_FAST_FLASH_BOOT)
1790141714.751  pro cpu reset by JTAG
1790141714.751  SPIWP:0xee
1790141714.751  mode:DIO, clock div:1
1790141714.751  load:0x3fce2820,len:0xfb0
1790141714.752  load:0x403c8700,len:0xaf4
1790141714.752  load:0x403cb700,len:0x2e34
1790141714.752  entry 0x403c8898
1790141714.980  E2 START cycle=17 scheme=https shape=tiny wake=timer wifi_ms=82 clock_ms=0 rssi=-61 epoch=1790141715
1790141716.168  E2 ROW,17,https,tiny,500,44,1038998,1041598,1177129,130471,132852,2353,264448,206172
1790141717.213  ESP-ROM:esp32s3-20210327
1790141717.236  Build:Mar 27 2021
1790141717.236  rst:0x5 (DSLEEP),boot:0xa (SPI_FAST_FLASH_BOOT)
1790141717.236  pro cpu reset by JTAG
1790141717.236  SPIWP:0xee
1790141717.236  mode:DIO, clock div:1
1790141717.236  load:0x3fce2820,len:0xfb0
1790141717.236  load:0x403c8700,len:0xaf4
1790141717.236  load:0x403cb700,len:0x2e34
1790141717.236  entry 0x403c8898
1790141717.460  E2 START cycle=18 scheme=https shape=stream wake=timer wifi_ms=74 clock_ms=0 rssi=-61 epoch=1790141717
1790141722.499  E2 ROW,18,https,stream,500,128044,945147,947726,5028445,75623,80699,11427,264448,206228
1790141723.545  ESP-ROM:esp32s3-20210327
1790141723.568  Build:Mar 27 2021
1790141723.568  rst:0x5 (DSLEEP),boot:0xa (SPI_FAST_FLASH_BOOT)
1790141723.568  pro cpu reset by JTAG
1790141723.568  SPIWP:0xee
1790141723.569  mode:DIO, clock div:1
1790141723.569  load:0x3fce2820,len:0xfb0
1790141723.569  load:0x403c8700,len:0xaf4
1790141723.569  load:0x403cb700,len:0x2e34
1790141723.569  entry 0x403c8898
1790141723.793  E2 START cycle=19 scheme=http shape=stream wake=timer wifi_ms=76 clock_ms=0 rssi=-60 epoch=1790141723
1790141728.033  E2 ROW,19,http,stream,500,128044,141530,143542,4229812,82725,86251,52657,264448,259696
1790141729.050  ESP-ROM:esp32s3-20210327
1790141729.073  Build:Mar 27 2021
1790141729.074  rst:0x5 (DSLEEP),boot:0xa (SPI_FAST_FLASH_BOOT)
1790141729.074  pro cpu reset by JTAG
1790141729.074  SPIWP:0xee
1790141729.074  mode:DIO, clock div:1
1790141729.075  load:0x3fce2820,len:0xfb0
1790141729.075  load:0x403c8700,len:0xaf4
1790141729.075  load:0x403cb700,len:0x2e34
1790141729.076  entry 0x403c8898
1790141729.300  E2 START cycle=20 scheme=https shape=tiny wake=timer wifi_ms=80 clock_ms=0 rssi=-61 epoch=1790141729
1790141730.370  E2 ROW,20,https,tiny,500,44,983764,986358,1060718,69590,71715,2294,264448,206172
1790141731.427  ESP-ROM:esp32s3-20210327
1790141731.449  Build:Mar 27 2021
1790141731.450  rst:0x5 (DSLEEP),boot:0xa (SPI_FAST_FLASH_BOOT)
1790141731.450  pro cpu reset by JTAG
1790141731.450  SPIWP:0xee
1790141731.451  mode:DIO, clock div:1
1790141731.451  load:0x3fce2820,len:0xfb0
1790141731.451  load:0x403c8700,len:0xaf4
1790141731.451  load:0x403cb700,len:0x2e34
1790141731.451  entry 0x403c8898
1790141731.688  E2 START cycle=21 scheme=http shape=tiny wake=timer wifi_ms=92 clock_ms=0 rssi=-62 epoch=1790141731
1790141731.935  E2 ROW,21,http,tiny,500,44,132932,135020,237580,99170,100502,1710,264448,260264
1790141732.990  ESP-ROM:esp32s3-20210327
1790141733.013  Build:Mar 27 2021
1790141733.013  rst:0x5 (DSLEEP),boot:0xa (SPI_FAST_FLASH_BOOT)
1790141733.014  pro cpu reset by JTAG
1790141733.014  SPIWP:0xee
1790141733.014  mode:DIO, clock div:1
1790141733.014  load:0x3fce2820,len:0xfb0
1790141733.014  load:0x403c8700,len:0xaf4
1790141733.014  load:0x403cb700,len:0x2e34
1790141733.014  entry 0x403c8898
1790141733.238  E2 START cycle=22 scheme=http shape=stream wake=timer wifi_ms=75 clock_ms=0 rssi=-62 epoch=1790141733
1790141737.562  E2 ROW,22,http,stream,500,128044,221571,223586,4315115,88338,91509,1791,264448,259696
1790141738.578  ESP-ROM:esp32s3-20210327
1790141738.601  Build:Mar 27 2021
1790141738.601  rst:0x5 (DSLEEP),boot:0xa (SPI_FAST_FLASH_BOOT)
1790141738.601  pro cpu reset by JTAG
1790141738.601  SPIWP:0xee
1790141738.601  mode:DIO, clock div:1
1790141738.602  load:0x3fce2820,len:0xfb0
1790141738.602  load:0x403c8700,len:0xaf4
1790141738.602  load:0x403cb700,len:0x2e34
1790141738.602  entry 0x403c8898
1790141738.835  E2 START cycle=23 scheme=https shape=stream wake=timer wifi_ms=83 clock_ms=0 rssi=-62 epoch=1790141738
1790141743.975  E2 ROW,23,https,stream,500,128044,1038358,1040970,5128428,69967,87438,14316,264448,206176
1790141744.991  ESP-ROM:esp32s3-20210327
1790141745.014  Build:Mar 27 2021
1790141745.014  rst:0x5 (DSLEEP),boot:0xa (SPI_FAST_FLASH_BOOT)
1790141745.014  pro cpu reset by JTAG
1790141745.014  SPIWP:0xee
1790141745.014  mode:DIO, clock div:1
1790141745.015  load:0x3fce2820,len:0xfb0
1790141745.015  load:0x403c8700,len:0xaf4
1790141745.015  load:0x403cb700,len:0x2e34
1790141745.015  entry 0x403c8898
1790141745.236  E2 START cycle=24 scheme=http shape=tiny wake=timer wifi_ms=75 clock_ms=0 rssi=-62 epoch=1790141745
1790141745.553  E2 ROW,24,http,tiny,500,44,205258,207274,308706,98300,99733,1406,264448,260264
1790141746.601  ESP-ROM:esp32s3-20210327
1790141746.624  Build:Mar 27 2021
1790141746.624  rst:0x5 (DSLEEP),boot:0xa (SPI_FAST_FLASH_BOOT)
1790141746.624  pro cpu reset by JTAG
1790141746.624  SPIWP:0xee
1790141746.625  mode:DIO, clock div:1
1790141746.625  load:0x3fce2820,len:0xfb0
1790141746.625  load:0x403c8700,len:0xaf4
1790141746.625  load:0x403cb700,len:0x2e34
1790141746.625  entry 0x403c8898
1790141746.856  E2 START cycle=25 scheme=https shape=tiny wake=timer wifi_ms=84 clock_ms=0 rssi=-62 epoch=1790141746
1790141747.911  E2 ROW,25,https,tiny,500,44,938780,941365,1044292,98111,100222,2361,264448,206224
1790141748.947  ESP-ROM:esp32s3-20210327
1790141748.970  Build:Mar 27 2021
1790141748.971  rst:0x5 (DSLEEP),boot:0xa (SPI_FAST_FLASH_BOOT)
1790141748.971  pro cpu reset by JTAG
1790141748.971  SPIWP:0xee
1790141748.971  mode:DIO, clock div:1
1790141748.972  load:0x3fce2820,len:0xfb0
1790141748.972  load:0x403c8700,len:0xaf4
1790141748.972  load:0x403cb700,len:0x2e34
1790141748.972  entry 0x403c8898
1790141749.202  E2 START cycle=26 scheme=https shape=stream wake=timer wifi_ms=81 clock_ms=0 rssi=-62 epoch=1790141749
1790141754.347  E2 ROW,26,https,stream,500,128044,1052116,1055006,5134611,70168,79585,6310,264448,206172
1790141755.392  ESP-ROM:esp32s3-20210327
1790141755.415  Build:Mar 27 2021
1790141755.415  rst:0x5 (DSLEEP),boot:0xa (SPI_FAST_FLASH_BOOT)
1790141755.416  pro cpu reset by JTAG
1790141755.416  SPIWP:0xee
1790141755.416  mode:DIO, clock div:1
1790141755.416  load:0x3fce2820,len:0xfb0
1790141755.416  load:0x403c8700,len:0xaf4
1790141755.416  load:0x403cb700,len:0x2e34
1790141755.416  entry 0x403c8898
1790141755.645  E2 START cycle=27 scheme=http shape=stream wake=timer wifi_ms=79 clock_ms=0 rssi=-61 epoch=1790141755
1790141759.871  E2 ROW,27,http,stream,500,128044,136178,138190,4215966,72651,77757,61392,264448,258956
1790141760.928  ESP-ROM:esp32s3-20210327
1790141760.951  Build:Mar 27 2021
1790141760.951  rst:0x5 (DSLEEP),boot:0xa (SPI_FAST_FLASH_BOOT)
1790141760.951  pro cpu reset by JTAG
1790141760.951  SPIWP:0xee
1790141760.952  mode:DIO, clock div:1
1790141760.952  load:0x3fce2820,len:0xfb0
1790141760.952  load:0x403c8700,len:0xaf4
1790141760.952  load:0x403cb700,len:0x2e34
1790141760.952  entry 0x403c8898
1790141761.174  E2 START cycle=28 scheme=https shape=tiny wake=timer wifi_ms=76 clock_ms=0 rssi=-61 epoch=1790141761
1790141762.247  E2 ROW,28,https,tiny,500,44,920551,923142,1062430,134310,136677,2339,264448,206176
1790141763.282  ESP-ROM:esp32s3-20210327
1790141763.305  Build:Mar 27 2021
1790141763.305  rst:0x5 (DSLEEP),boot:0xa (SPI_FAST_FLASH_BOOT)
1790141763.305  pro cpu reset by JTAG
1790141763.305  SPIWP:0xee
1790141763.305  mode:DIO, clock div:1
1790141763.306  load:0x3fce2820,len:0xfb0
1790141763.306  load:0x403c8700,len:0xaf4
1790141763.306  load:0x403cb700,len:0x2e34
1790141763.306  entry 0x403c8898
1790141763.537  E2 START cycle=29 scheme=http shape=tiny wake=timer wifi_ms=85 clock_ms=0 rssi=-61 epoch=1790141763
1790141763.781  E2 ROW,29,http,tiny,500,44,131107,133115,235213,99244,100684,1415,264448,260264
1790141764.799  ESP-ROM:esp32s3-20210327
1790141764.822  Build:Mar 27 2021
1790141764.822  rst:0x5 (DSLEEP),boot:0xa (SPI_FAST_FLASH_BOOT)
1790141764.822  pro cpu reset by JTAG
1790141764.823  SPIWP:0xee
1790141764.823  mode:DIO, clock div:1
1790141764.823  load:0x3fce2820,len:0xfb0
1790141764.823  load:0x403c8700,len:0xaf4
1790141764.823  load:0x403cb700,len:0x2e34
1790141764.824  entry 0x403c8898
1790141765.144  E2 START cycle=30 scheme=http shape=stream wake=timer wifi_ms=172 clock_ms=0 rssi=-62 epoch=1790141765
1790141769.497  E2 ROW,30,http,stream,500,128044,264477,266491,4343535,73910,77025,1621,264448,260224
1790141770.514  ESP-ROM:esp32s3-20210327
1790141770.537  Build:Mar 27 2021
1790141770.537  rst:0x5 (DSLEEP),boot:0xa (SPI_FAST_FLASH_BOOT)
1790141770.537  pro cpu reset by JTAG
1790141770.537  SPIWP:0xee
1790141770.538  mode:DIO, clock div:1
1790141770.538  load:0x3fce2820,len:0xfb0
1790141770.538  load:0x403c8700,len:0xaf4
1790141770.538  load:0x403cb700,len:0x2e34
1790141770.538  entry 0x403c8898
1790141770.766  E2 START cycle=31 scheme=https shape=stream wake=timer wifi_ms=78 clock_ms=0 rssi=-60 epoch=1790141770
1790141775.847  E2 ROW,31,https,stream,500,128044,990110,992704,5070647,70529,77923,4960,264448,206176
1790141776.863  ESP-ROM:esp32s3-20210327
1790141776.886  Build:Mar 27 2021
1790141776.887  rst:0x5 (DSLEEP),boot:0xa (SPI_FAST_FLASH_BOOT)
1790141776.887  pro cpu reset by JTAG
1790141776.887  SPIWP:0xee
1790141776.887  mode:DIO, clock div:1
1790141776.887  load:0x3fce2820,len:0xfb0
1790141776.887  load:0x403c8700,len:0xaf4
1790141776.888  load:0x403cb700,len:0x2e34
1790141776.888  entry 0x403c8898
1790141777.111  E2 START cycle=32 scheme=http shape=tiny wake=timer wifi_ms=78 clock_ms=0 rssi=-63 epoch=1790141777
1790141777.404  E2 ROW,32,http,tiny,500,44,173790,175934,283935,105555,106523,1146,264448,260264
1790141778.422  ESP-ROM:esp32s3-20210327
1790141778.445  Build:Mar 27 2021
1790141778.446  rst:0x5 (DSLEEP),boot:0xa (SPI_FAST_FLASH_BOOT)
1790141778.446  pro cpu reset by JTAG
1790141778.447  SPIWP:0xee
1790141778.447  mode:DIO, clock div:1
1790141778.447  load:0x3fce2820,len:0xfb0
1790141778.447  load:0x403c8700,len:0xaf4
1790141778.448  load:0x403cb700,len:0x2e34
1790141778.448  entry 0x403c8898
1790141778.701  E2 START cycle=33 scheme=https shape=tiny wake=timer wifi_ms=109 clock_ms=0 rssi=-63 epoch=1790141778
1790141779.959  E2 ROW,33,https,tiny,500,44,1056627,1059231,1248320,184002,186365,2372,264448,206176
1790141780.978  ESP-ROM:esp32s3-20210327
1790141781.001  Build:Mar 27 2021
1790141781.001  rst:0x5 (DSLEEP),boot:0xa (SPI_FAST_FLASH_BOOT)
1790141781.001  pro cpu reset by JTAG
1790141781.001  SPIWP:0xee
1790141781.002  mode:DIO, clock div:1
1790141781.002  load:0x3fce2820,len:0xfb0
1790141781.002  load:0x403c8700,len:0xaf4
1790141781.002  load:0x403cb700,len:0x2e34
1790141781.002  entry 0x403c8898
1790141781.232  E2 START cycle=34 scheme=https shape=stream wake=timer wifi_ms=80 clock_ms=0 rssi=-63 epoch=1790141781
1790141786.292  E2 ROW,34,https,stream,500,128044,969416,972017,5050322,72863,78285,17197,264448,206224
1790141787.310  ESP-ROM:esp32s3-20210327
1790141787.332  Build:Mar 27 2021
1790141787.333  rst:0x5 (DSLEEP),boot:0xa (SPI_FAST_FLASH_BOOT)
1790141787.333  pro cpu reset by JTAG
1790141787.334  SPIWP:0xee
1790141787.334  mode:DIO, clock div:1
1790141787.334  load:0x3fce2820,len:0xfb0
1790141787.334  load:0x403c8700,len:0xaf4
1790141787.335  load:0x403cb700,len:0x2e34
1790141787.335  entry 0x403c8898
1790141787.576  E2 START cycle=35 scheme=http shape=stream wake=timer wifi_ms=93 clock_ms=0 rssi=-62 epoch=1790141787
1790141791.820  E2 ROW,35,http,stream,500,128044,156512,158621,4234810,72830,76170,52542,264448,259696
1790141792.838  ESP-ROM:esp32s3-20210327
1790141792.860  Build:Mar 27 2021
1790141792.861  rst:0x5 (DSLEEP),boot:0xa (SPI_FAST_FLASH_BOOT)
1790141792.861  pro cpu reset by JTAG
1790141792.861  SPIWP:0xee
1790141792.861  mode:DIO, clock div:1
1790141792.862  load:0x3fce2820,len:0xfb0
1790141792.862  load:0x403c8700,len:0xaf4
1790141792.862  load:0x403cb700,len:0x2e34
1790141792.862  entry 0x403c8898
1790141793.090  E2 START cycle=36 scheme=https shape=tiny wake=timer wifi_ms=81 clock_ms=0 rssi=-64 epoch=1790141793
1790141794.168  E2 ROW,36,https,tiny,500,44,990154,992720,1067803,70014,72402,2360,264448,206176
1790141795.213  ESP-ROM:esp32s3-20210327
1790141795.236  Build:Mar 27 2021
1790141795.236  rst:0x5 (DSLEEP),boot:0xa (SPI_FAST_FLASH_BOOT)
1790141795.236  pro cpu reset by JTAG
1790141795.237  SPIWP:0xee
1790141795.237  mode:DIO, clock div:1
1790141795.237  load:0x3fce2820,len:0xfb0
1790141795.237  load:0x403c8700,len:0xaf4
1790141795.237  load:0x403cb700,len:0x2e34
1790141795.238  entry 0x403c8898
1790141795.460  E2 START cycle=37 scheme=http shape=tiny wake=timer wifi_ms=77 clock_ms=0 rssi=-61 epoch=1790141795
1790141795.734  E2 ROW,37,http,tiny,500,44,155273,157286,265104,105424,106401,1109,264448,260056
1790141796.752  ESP-ROM:esp32s3-20210327
1790141796.775  Build:Mar 27 2021
1790141796.776  rst:0x5 (DSLEEP),boot:0xa (SPI_FAST_FLASH_BOOT)
1790141796.776  pro cpu reset by JTAG
1790141796.776  SPIWP:0xee
1790141796.776  mode:DIO, clock div:1
1790141796.777  load:0x3fce2820,len:0xfb0
1790141796.777  load:0x403c8700,len:0xaf4
1790141796.777  load:0x403cb700,len:0x2e34
1790141796.777  entry 0x403c8898
1790141797.089  E2 START cycle=38 scheme=http shape=stream wake=timer wifi_ms=165 clock_ms=0 rssi=-63 epoch=1790141797
1790141801.344  E2 ROW,38,http,stream,500,128044,168854,170873,4245116,70360,74224,1826,264448,259696
1790141802.362  ESP-ROM:esp32s3-20210327
1790141802.385  Build:Mar 27 2021
1790141802.385  rst:0x5 (DSLEEP),boot:0xa (SPI_FAST_FLASH_BOOT)
1790141802.385  pro cpu reset by JTAG
1790141802.386  SPIWP:0xee
1790141802.386  mode:DIO, clock div:1
1790141802.386  load:0x3fce2820,len:0xfb0
1790141802.386  load:0x403c8700,len:0xaf4
1790141802.387  load:0x403cb700,len:0x2e34
1790141802.387  entry 0x403c8898
1790141802.612  E2 START cycle=39 scheme=https shape=stream wake=timer wifi_ms=77 clock_ms=0 rssi=-65 epoch=1790141802
1790141807.699  E2 ROW,39,https,stream,500,128044,991220,993821,5076658,76195,82817,10698,264448,206172
1790141808.734  ESP-ROM:esp32s3-20210327
1790141808.756  Build:Mar 27 2021
1790141808.757  rst:0x5 (DSLEEP),boot:0xa (SPI_FAST_FLASH_BOOT)
1790141808.757  pro cpu reset by JTAG
1790141808.757  SPIWP:0xee
1790141808.757  mode:DIO, clock div:1
1790141808.758  load:0x3fce2820,len:0xfb0
1790141808.758  load:0x403c8700,len:0xaf4
1790141808.758  load:0x403cb700,len:0x2e34
1790141808.758  entry 0x403c8898
1790141808.985  E2 START cycle=40 scheme=http shape=tiny wake=timer wifi_ms=81 clock_ms=0 rssi=-64 epoch=1790141809
1790141809.248  E2 ROW,40,http,tiny,500,44,147074,149242,253615,101947,102912,1131,264448,260264
1790141810.266  ESP-ROM:esp32s3-20210327
1790141810.288  Build:Mar 27 2021
1790141810.289  rst:0x5 (DSLEEP),boot:0xa (SPI_FAST_FLASH_BOOT)
1790141810.289  pro cpu reset by JTAG
1790141810.289  SPIWP:0xee
1790141810.290  mode:DIO, clock div:1
1790141810.290  load:0x3fce2820,len:0xfb0
1790141810.290  load:0x403c8700,len:0xaf4
1790141810.290  load:0x403cb700,len:0x2e34
1790141810.291  entry 0x403c8898
1790141810.513  E2 START cycle=41 scheme=https shape=tiny wake=timer wifi_ms=76 clock_ms=0 rssi=-64 epoch=1790141810
1790141811.704  E2 ROW,41,https,tiny,500,44,1042373,1045005,1181706,131646,134049,2375,264448,206176
1790141812.723  ESP-ROM:esp32s3-20210327
1790141812.745  Build:Mar 27 2021
1790141812.746  rst:0x5 (DSLEEP),boot:0xa (SPI_FAST_FLASH_BOOT)
1790141812.746  pro cpu reset by JTAG
1790141812.746  SPIWP:0xee
1790141812.746  mode:DIO, clock div:1
1790141812.746  load:0x3fce2820,len:0xfb0
1790141812.747  load:0x403c8700,len:0xaf4
1790141812.747  load:0x403cb700,len:0x2e34
1790141812.747  entry 0x403c8898
1790141813.062  E2 START cycle=42 scheme=https shape=stream wake=timer wifi_ms=165 clock_ms=0 rssi=-67 epoch=1790141813
1790141818.141  E2 ROW,42,https,stream,500,128044,985909,988494,5068495,72289,79981,6673,264448,206176
1790141819.158  ESP-ROM:esp32s3-20210327
1790141819.180  Build:Mar 27 2021
1790141819.181  rst:0x5 (DSLEEP),boot:0xa (SPI_FAST_FLASH_BOOT)
1790141819.181  pro cpu reset by JTAG
1790141819.181  SPIWP:0xee
1790141819.181  mode:DIO, clock div:1
1790141819.182  load:0x3fce2820,len:0xfb0
1790141819.182  load:0x403c8700,len:0xaf4
1790141819.182  load:0x403cb700,len:0x2e34
1790141819.182  entry 0x403c8898
1790141819.415  E2 START cycle=43 scheme=http shape=stream wake=timer wifi_ms=84 clock_ms=0 rssi=-65 epoch=1790141819
1790141823.663  E2 ROW,43,http,stream,500,128044,162055,164219,4238820,70916,74581,52607,264448,260224
1790141824.709  ESP-ROM:esp32s3-20210327
1790141824.731  Build:Mar 27 2021
1790141824.732  rst:0x5 (DSLEEP),boot:0xa (SPI_FAST_FLASH_BOOT)
1790141824.732  pro cpu reset by JTAG
1790141824.732  SPIWP:0xee
1790141824.732  mode:DIO, clock div:1
1790141824.732  load:0x3fce2820,len:0xfb0
1790141824.733  load:0x403c8700,len:0xaf4
1790141824.733  load:0x403cb700,len:0x2e34
1790141824.733  entry 0x403c8898
1790141824.960  E2 START cycle=44 scheme=https shape=tiny wake=timer wifi_ms=80 clock_ms=0 rssi=-66 epoch=1790141825
1790141826.021  E2 ROW,44,https,tiny,500,44,966891,969482,1052205,77802,80297,2467,264448,206164
1790141827.068  ESP-ROM:esp32s3-20210327
1790141827.091  Build:Mar 27 2021
1790141827.091  rst:0x5 (DSLEEP),boot:0xa (SPI_FAST_FLASH_BOOT)
1790141827.091  pro cpu reset by JTAG
1790141827.091  SPIWP:0xee
1790141827.092  mode:DIO, clock div:1
1790141827.092  load:0x3fce2820,len:0xfb0
1790141827.092  load:0x403c8700,len:0xaf4
1790141827.092  load:0x403cb700,len:0x2e34
1790141827.092  entry 0x403c8898
1790141827.318  E2 START cycle=45 scheme=http shape=tiny wake=timer wifi_ms=80 clock_ms=0 rssi=-65 epoch=1790141827
1790141827.581  E2 ROW,45,http,tiny,500,44,149138,151282,254021,99286,100884,1570,264448,260712
1790141828.618  ESP-ROM:esp32s3-20210327
1790141828.641  Build:Mar 27 2021
1790141828.641  rst:0x5 (DSLEEP),boot:0xa (SPI_FAST_FLASH_BOOT)
1790141828.641  pro cpu reset by JTAG
1790141828.641  SPIWP:0xee
1790141828.641  mode:DIO, clock div:1
1790141828.641  load:0x3fce2820,len:0xfb0
1790141828.641  load:0x403c8700,len:0xaf4
1790141828.641  load:0x403cb700,len:0x2e34
1790141828.641  entry 0x403c8898
1790141828.871  E2 START cycle=46 scheme=http shape=stream wake=timer wifi_ms=79 clock_ms=0 rssi=-66 epoch=1790141829
1790141833.089  E2 ROW,46,http,stream,500,128044,134449,136560,4208412,68692,71833,1626,264448,259696
1790141834.106  ESP-ROM:esp32s3-20210327
1790141834.128  Build:Mar 27 2021
1790141834.129  rst:0x5 (DSLEEP),boot:0xa (SPI_FAST_FLASH_BOOT)
1790141834.129  pro cpu reset by JTAG
1790141834.130  SPIWP:0xee
1790141834.130  mode:DIO, clock div:1
1790141834.130  load:0x3fce2820,len:0xfb0
1790141834.130  load:0x403c8700,len:0xaf4
1790141834.131  load:0x403cb700,len:0x2e34
1790141834.131  entry 0x403c8898
1790141834.358  E2 START cycle=47 scheme=https shape=stream wake=timer wifi_ms=79 clock_ms=0 rssi=-62 epoch=1790141834
1790141839.439  E2 ROW,47,https,stream,500,128044,989497,992081,5070043,71107,77941,3907,264448,206228
1790141839.439  E2 DONE
